Case #1: 3
Case #2: 0
Case #3: IMPOSSIBLE
Case #4: IMPOSSIBLE
Case #5: 2
Case #6: IMPOSSIBLE
Case #7: IMPOSSIBLE
Case #8: IMPOSSIBLE
Case #9: 2
Case #10: IMPOSSIBLE
Case #11: IMPOSSIBLE
Case #12: IMPOSSIBLE
Case #13: IMPOSSIBLE
Case #14: 1
Case #15: IMPOSSIBLE
Case #16: IMPOSSIBLE
Case #17: IMPOSSIBLE
Case #18: IMPOSSIBLE
Case #19: IMPOSSIBLE
Case #20: IMPOSSIBLE
Case #21: IMPOSSIBLE
Case #22: 2
Case #23: 1
Case #24: 1
Case #25: 2
Case #26: IMPOSSIBLE
Case #27: 0
Case #28: 2
Case #29: 5
Case #30: 1
Case #31: 0
Case #32: IMPOSSIBLE
Case #33: IMPOSSIBLE
Case #34: IMPOSSIBLE
Case #35: 2
Case #36: 0
Case #37: IMPOSSIBLE
Case #38: IMPOSSIBLE
Case #39: 1
Case #40: IMPOSSIBLE
Case #41: IMPOSSIBLE
Case #42: IMPOSSIBLE
Case #43: IMPOSSIBLE
Case #44: IMPOSSIBLE
Case #45: IMPOSSIBLE
Case #46: 0
Case #47: 1
Case #48: 0
Case #49: IMPOSSIBLE
Case #50: IMPOSSIBLE
Case #51: 1
Case #52: 1
Case #53: 3
Case #54: IMPOSSIBLE
Case #55: IMPOSSIBLE
Case #56: 1
Case #57: 1
Case #58: 1
Case #59: 2
Case #60: IMPOSSIBLE
Case #61: IMPOSSIBLE
Case #62: 1
Case #63: IMPOSSIBLE
Case #64: IMPOSSIBLE
Case #65: 1
Case #66: IMPOSSIBLE
Case #67: 0
Case #68: 1
Case #69: 1
Case #70: 1
Case #71: 1
Case #72: IMPOSSIBLE
Case #73: IMPOSSIBLE
Case #74: IMPOSSIBLE
Case #75: 1
Case #76: 0
Case #77: 2
Case #78: IMPOSSIBLE
Case #79: IMPOSSIBLE
Case #80: IMPOSSIBLE
Case #81: 1
Case #82: IMPOSSIBLE
Case #83: IMPOSSIBLE
Case #84: IMPOSSIBLE
Case #85: 0
Case #86: IMPOSSIBLE
Case #87: IMPOSSIBLE
Case #88: IMPOSSIBLE
Case #89: IMPOSSIBLE
Case #90: 0
Case #91: 2
Case #92: IMPOSSIBLE
Case #93: 3
Case #94: 1
Case #95: 1
Case #96: 2
Case #97: IMPOSSIBLE
Case #98: IMPOSSIBLE
Case #99: IMPOSSIBLE
Case #100: 1
