Case #1: 3
Case #2: 0
Case #3: IMPOSSIBLE
Case #4: IMPOSSIBLE
Case #5: IMPOSSIBLE
Case #6: 1
Case #7: 0
Case #8: IMPOSSIBLE
Case #9: 0
Case #10: IMPOSSIBLE
Case #11: 1
Case #12: IMPOSSIBLE
Case #13: 2
Case #14: 1
Case #15: IMPOSSIBLE
Case #16: 1
Case #17: IMPOSSIBLE
Case #18: 2
Case #19: 1
Case #20: 0
Case #21: 1
Case #22: 0
Case #23: 1
Case #24: IMPOSSIBLE
Case #25: 2
Case #26: IMPOSSIBLE
Case #27: IMPOSSIBLE
Case #28: 4
Case #29: IMPOSSIBLE
Case #30: IMPOSSIBLE
Case #31: 5
Case #32: 1
Case #33: 2
Case #34: IMPOSSIBLE
Case #35: IMPOSSIBLE
Case #36: IMPOSSIBLE
Case #37: IMPOSSIBLE
Case #38: 0
Case #39: IMPOSSIBLE
Case #40: 1
Case #41: IMPOSSIBLE
Case #42: 1
Case #43: IMPOSSIBLE
Case #44: IMPOSSIBLE
Case #45: 3
Case #46: 1
Case #47: 2
Case #48: IMPOSSIBLE
Case #49: IMPOSSIBLE
Case #50: 1
Case #51: IMPOSSIBLE
Case #52: IMPOSSIBLE
Case #53: 2
Case #54: IMPOSSIBLE
Case #55: IMPOSSIBLE
Case #56: 1
Case #57: IMPOSSIBLE
Case #58: 0
Case #59: IMPOSSIBLE
Case #60: 1
Case #61: IMPOSSIBLE
Case #62: 2
Case #63: 1
Case #64: 1
Case #65: 3
Case #66: IMPOSSIBLE
Case #67: IMPOSSIBLE
Case #68: IMPOSSIBLE
Case #69: IMPOSSIBLE
Case #70: 2
Case #71: IMPOSSIBLE
Case #72: 2
Case #73: 1
Case #74: 4
Case #75: IMPOSSIBLE
Case #76: 1
Case #77: 1
Case #78: 3
Case #79: 1
Case #80: 1
Case #81: IMPOSSIBLE
Case #82: IMPOSSIBLE
Case #83: IMPOSSIBLE
Case #84: 3
Case #85: 0
Case #86: 0
Case #87: IMPOSSIBLE
Case #88: 0
Case #89: 4
Case #90: IMPOSSIBLE
Case #91: IMPOSSIBLE
Case #92: IMPOSSIBLE
Case #93: 1
Case #94: IMPOSSIBLE
Case #95: 0
Case #96: 1
Case #97: 4
Case #98: IMPOSSIBLE
Case #99: IMPOSSIBLE
Case #100: 3
