Case #1: 3
Case #2: 0
Case #3: 1
Case #4: 2
Case #5: IMPOSSIBLE
Case #6: IMPOSSIBLE
Case #7: IMPOSSIBLE
Case #8: 5
Case #9: 1
Case #10: IMPOSSIBLE
Case #11: IMPOSSIBLE
